<?xml version="1.0" encoding="UTF-8"?>
<testsuites name="jest tests" tests="1" failures="1" errors="0" time="5.525">
  <testsuite name="header test" errors="0" failures="1" skipped="0" timestamp="2024-01-03T19:31:11" time="4.105" tests="1">
    <testcase classname="header test correct Header Render" name="header test correct Header Render" time="0.24">
      <failure>TestingLibraryElementError: Unable to find an element with the text: Login. This could be because the text is broken up by multiple elements. In this case, you can provide a function for your text matcher to make your matcher more flexible.

Ignored nodes: comments, script, style
&lt;body&gt;
  &lt;div&gt;
    &lt;header
      data-testid=&quot;header&quot;
    &gt;
      &lt;div
        class=&quot;headers container&quot;
      &gt;
        &lt;div
          class=&quot;logo&quot;
        &gt;
          &lt;img
            alt=&quot;logo&quot;
            src=&quot;function (_a) {
        return fn.apply(this, arguments);
      }&quot;
          /&gt;
        &lt;/div&gt;
        &lt;nav
          class=&quot;menu&quot;
        &gt;
          &lt;ul
            class=&quot;menuList&quot;
          &gt;
            &lt;li&gt;
              &lt;a
                class=&quot;menuListItem&quot;
                href=&quot;#&quot;
              &gt;
                Info
              &lt;/a&gt;
            &lt;/li&gt;
            &lt;li&gt;
              &lt;a
                class=&quot;menuListItem&quot;
                href=&quot;#&quot;
              &gt;
                Product
              &lt;/a&gt;
            &lt;/li&gt;
            &lt;li&gt;
              &lt;a
                class=&quot;menuListItem&quot;
                href=&quot;#&quot;
              &gt;
                Contacts
              &lt;/a&gt;
            &lt;/li&gt;
            &lt;li&gt;
              &lt;div
                class=&quot;button&quot;
              &gt;
                &lt;button&gt;
                  Logino
                &lt;/button&gt;
              &lt;/div&gt;
            &lt;/li&gt;
            &lt;li&gt;
              &lt;div
                class=&quot;button&quot;
              &gt;
                &lt;button&gt;
                  Basket
                &lt;/button&gt;
              &lt;/div&gt;
            &lt;/li&gt;
          &lt;/ul&gt;
        &lt;/nav&gt;
      &lt;/div&gt;
    &lt;/header&gt;
  &lt;/div&gt;
&lt;/body&gt;
    at Object.getElementError (D:\work\Сайт на Git\Iphone\node_modules\@testing-library\dom\dist\config.js:37:19)
    at D:\work\Сайт на Git\Iphone\node_modules\@testing-library\dom\dist\query-helpers.js:76:38
    at D:\work\Сайт на Git\Iphone\node_modules\@testing-library\dom\dist\query-helpers.js:109:15
    at Object.getAllByText (D:\work\Сайт на Git\Iphone\test\frontend\Header.test.tsx:11:23)
    at Promise.then.completed (D:\work\Сайт на Git\Iphone\node_modules\jest-circus\build\utils.js:298:28)
    at new Promise (&lt;anonymous&gt;)
    at callAsyncCircusFn (D:\work\Сайт на Git\Iphone\node_modules\jest-circus\build\utils.js:231:10)
    at _callCircusTest (D:\work\Сайт на Git\Iphone\node_modules\jest-circus\build\run.js:316:40)
    at _runTest (D:\work\Сайт на Git\Iphone\node_modules\jest-circus\build\run.js:252:3)
    at _runTestsForDescribeBlock (D:\work\Сайт на Git\Iphone\node_modules\jest-circus\build\run.js:126:9)
    at _runTestsForDescribeBlock (D:\work\Сайт на Git\Iphone\node_modules\jest-circus\build\run.js:121:9)
    at run (D:\work\Сайт на Git\Iphone\node_modules\jest-circus\build\run.js:71:3)
    at runAndTransformResultsToJestFormat (D:\work\Сайт на Git\Iphone\node_modules\jest-circus\build\legacy-code-todo-rewrite\jestAdapterInit.js:122:21)
    at jestAdapter (D:\work\Сайт на Git\Iphone\node_modules\jest-circus\build\legacy-code-todo-rewrite\jestAdapter.js:79:19)
    at runTestInternal (D:\work\Сайт на Git\Iphone\node_modules\jest-runner\build\runTest.js:367:16)
    at runTest (D:\work\Сайт на Git\Iphone\node_modules\jest-runner\build\runTest.js:444:34)</failure>
    </testcase>
  </testsuite>
</testsuites>